#-----------------------------------------------------------
# Vivado v2020.2 (64-bit)
# SW Build 3064766 on Wed Nov 18 09:12:45 MST 2020
# IP Build 3064653 on Wed Nov 18 14:17:31 MST 2020
# Start of session at: Mon Mar  8 10:25:47 2021
# Process ID: 28644
# Current directory: C:/Stupka/digital-eletronics-1/labs/04-segment/display
# Command line: vivado.exe -gui_launcher_event rodinguilauncherevent24732 C:\Stupka\digital-eletronics-1\labs\04-segment\display\display.xpr
# Log file: C:/Stupka/digital-eletronics-1/labs/04-segment/display/vivado.log
# Journal file: C:/Stupka/digital-eletronics-1/labs/04-segment/display\vivado.jou
#-----------------------------------------------------------
start_gui
open_project C:/Stupka/digital-eletronics-1/labs/04-segment/display/display.xpr
update_compile_order -fileset sources_1
reset_simulation -simset sim_1 -mode behavioral
reset_simulation -simset sim_1 -mode behavioral
launch_simulation
open_wave_config C:/Stupka/digital-eletronics-1/labs/04-segment/display/tb_hex_7seg_behav.wcfg
source tb_top.tcl
close_sim
launch_simulation
open_wave_config C:/Stupka/digital-eletronics-1/labs/04-segment/display/tb_hex_7seg_behav.wcfg
source tb_top.tcl
current_wave_config {tb_hex_7seg_behav.wcfg}
add_wave {{/tb_top/s_CA}} 
current_wave_config {tb_hex_7seg_behav.wcfg}
add_wave {{/tb_top/s_CB}} 
current_wave_config {tb_hex_7seg_behav.wcfg}
add_wave {{/tb_top/s_CC}} 
current_wave_config {tb_hex_7seg_behav.wcfg}
add_wave {{/tb_top/s_CD}} 
current_wave_config {tb_hex_7seg_behav.wcfg}
add_wave {{/tb_top/s_CE}} 
current_wave_config {tb_hex_7seg_behav.wcfg}
add_wave {{/tb_top/s_CF}} 
current_wave_config {tb_hex_7seg_behav.wcfg}
add_wave {{/tb_top/s_CG}} 
current_wave_config {tb_hex_7seg_behav.wcfg}
add_wave {{/tb_top/s_LED}} 
current_wave_config {tb_hex_7seg_behav.wcfg}
add_wave {{/tb_top/s_AN}} 
current_wave_config {tb_hex_7seg_behav.wcfg}
add_wave {{/tb_top/s_SW}} 
current_wave_config {tb_hex_7seg_behav.wcfg}
add_wave {{/tb_top/s_CA}} 
save_wave_config {C:/Stupka/digital-eletronics-1/labs/04-segment/display/tb_hex_7seg_behav.wcfg}
close_sim
reset_simulation -simset sim_1 -mode behavioral
reset_simulation -simset sim_1 -mode behavioral
reset_simulation -simset sim_1 -mode behavioral
reset_simulation -simset sim_1 -mode behavioral
reset_simulation -simset sim_1 -mode behavioral
reset_simulation -simset sim_1 -mode behavioral
reset_simulation -simset sim_1 -mode behavioral
reset_simulation -simset sim_1 -mode behavioral
reset_simulation -simset sim_1 -mode behavioral
reset_simulation -simset sim_1 -mode behavioral
reset_simulation -simset sim_1 -mode behavioral
launch_simulation
open_wave_config C:/Stupka/digital-eletronics-1/labs/04-segment/display/tb_hex_7seg_behav.wcfg
source tb_top.tcl
close_sim
