#-----------------------------------------------------------
# Webtalk v2020.2 (64-bit)
# SW Build 3064766 on Wed Nov 18 09:12:45 MST 2020
# IP Build 3064653 on Wed Nov 18 14:17:31 MST 2020
# Start of session at: Tue Apr  6 08:18:40 2021
# Process ID: 68096
# Current directory: C:/Stupka/digital-eletronics-1/labs/08-traffic_lights/traffic/traffic.sim/sim_1/behav/xsim
# Command line: wbtcv.exe -mode batch -source C:/Stupka/digital-eletronics-1/labs/08-traffic_lights/traffic/traffic.sim/sim_1/behav/xsim/xsim.dir/tb_tlc_behav/webtalk/xsim_webtalk.tcl -notrace
# Log file: C:/Stupka/digital-eletronics-1/labs/08-traffic_lights/traffic/traffic.sim/sim_1/behav/xsim/webtalk.log
# Journal file: C:/Stupka/digital-eletronics-1/labs/08-traffic_lights/traffic/traffic.sim/sim_1/behav/xsim\webtalk.jou
#-----------------------------------------------------------
source C:/Stupka/digital-eletronics-1/labs/08-traffic_lights/traffic/traffic.sim/sim_1/behav/xsim/xsim.dir/tb_tlc_behav/webtalk/xsim_webtalk.tcl -notrace
