#-----------------------------------------------------------
# Vivado v2020.2 (64-bit)
# SW Build 3064766 on Wed Nov 18 09:12:45 MST 2020
# IP Build 3064653 on Wed Nov 18 14:17:31 MST 2020
# Start of session at: Tue Mar  2 18:10:41 2021
# Process ID: 21320
# Current directory: C:/Stupka/digital-eletronics-1/labs/03-vivaldo/mux_2bit_4to1
# Command line: vivado.exe -gui_launcher_event rodinguilauncherevent19424 C:\Stupka\digital-eletronics-1\labs\03-vivaldo\mux_2bit_4to1\mux_2bit_4to1.xpr
# Log file: C:/Stupka/digital-eletronics-1/labs/03-vivaldo/mux_2bit_4to1/vivado.log
# Journal file: C:/Stupka/digital-eletronics-1/labs/03-vivaldo/mux_2bit_4to1\vivado.jou
#-----------------------------------------------------------
start_gui
open_project C:/Stupka/digital-eletronics-1/labs/03-vivaldo/mux_2bit_4to1/mux_2bit_4to1.xpr
update_compile_order -fileset sources_1
file mkdir C:/Stupka/digital-eletronics-1/labs/03-vivaldo/mux_2bit_4to1/mux_2bit_4to1.srcs/constrs_1
file mkdir C:/Stupka/digital-eletronics-1/labs/03-vivaldo/mux_2bit_4to1/mux_2bit_4to1.srcs/constrs_1/new
close [ open C:/Stupka/digital-eletronics-1/labs/03-vivaldo/mux_2bit_4to1/mux_2bit_4to1.srcs/constrs_1/new/nexys-a7-50t.xdc w ]
add_files -fileset constrs_1 C:/Stupka/digital-eletronics-1/labs/03-vivaldo/mux_2bit_4to1/mux_2bit_4to1.srcs/constrs_1/new/nexys-a7-50t.xdc
